HTTP/1.1 200 OK
vary: rsc, next-router-state-tree, next-router-prefetch, next-router-segment-prefetch
cache-control: public, max-age=0, must-revalidate
content-type: application/xml
Date: Sun, 27 Sep 2026 13:21:04 GMT
Connection: keep-alive
Keep-Alive: timeout=5
Transfer-Encoding: chunked

<?xml version="1.0" encoding="UTF-8"?>
<urlset xmlns="http://www.sitemaps.org/schemas/sitemap/0.9">
<url>
<loc>https://fashionasialtd.com</loc>
<lastmod>2026-09-27T13:21:04.720Z</lastmod>
<changefreq>weekly</changefreq>
<priority>1</priority>
</url>
<url>
<loc>https://fashionasialtd.com/who-we-are</loc>
<lastmod>2026-09-27T13:21:04.720Z</lastmod>
<changefreq>monthly</changefreq>
<priority>0.8</priority>
</url>
<url>
<loc>https://fashionasialtd.com/what-we-do</loc>
<lastmod>2026-09-27T13:21:04.720Z</lastmod>
<changefreq>monthly</changefreq>
<priority>0.8</priority>
</url>
<url>
<loc>https://fashionasialtd.com/what-we-do/t-shirts</loc>
<lastmod>2026-09-27T13:21:04.719Z</lastmod>
<changefreq>monthly</changefreq>
<priority>0.6</priority>
</url>
<url>
<loc>https://fashionasialtd.com/what-we-do/polo-shirts</loc>
<lastmod>2026-09-27T13:21:04.720Z</lastmod>
<changefreq>monthly</changefreq>
<priority>0.6</priority>
</url>
<url>
<loc>https://fashionasialtd.com/what-we-do/tank-tops</loc>
<lastmod>2026-09-27T13:21:04.720Z</lastmod>
<changefreq>monthly</changefreq>
<priority>0.6</priority>
</url>
<url>
<loc>https://fashionasialtd.com/what-we-do/dresses</loc>
<lastmod>2026-09-27T13:21:04.720Z</lastmod>
<changefreq>monthly</changefreq>
<priority>0.6</priority>
</url>
<url>
<loc>https://fashionasialtd.com/what-we-do/sleepwear</loc>
<lastmod>2026-09-27T13:21:04.720Z</lastmod>
<changefreq>monthly</changefreq>
<priority>0.6</priority>
</url>
<url>
<loc>https://fashionasialtd.com/what-we-do/leggings</loc>
<lastmod>2026-09-27T13:21:04.720Z</lastmod>
<changefreq>monthly</changefreq>
<priority>0.6</priority>
</url>
<url>
<loc>https://fashionasialtd.com/what-we-do/sportswear</loc>
<lastmod>2026-09-27T13:21:04.720Z</lastmod>
<changefreq>monthly</changefreq>
<priority>0.6</priority>
</url>
<url>
<loc>https://fashionasialtd.com/what-we-do/heavy-jersey-products</loc>
<lastmod>2026-09-27T13:21:04.720Z</lastmod>
<changefreq>monthly</changefreq>
<priority>0.6</priority>
</url>
<url>
<loc>https://fashionasialtd.com/global-partner</loc>
<lastmod>2026-09-27T13:21:04.720Z</lastmod>
<changefreq>monthly</changefreq>
<priority>0.8</priority>
</url>
<url>
<loc>https://fashionasialtd.com/sustainability</loc>
<lastmod>2026-09-27T13:21:04.720Z</lastmod>
<changefreq>monthly</changefreq>
<priority>0.8</priority>
</url>
<url>
<loc>https://fashionasialtd.com/life-at-fashion-asia</loc>
<lastmod>2026-09-27T13:21:04.720Z</lastmod>
<changefreq>daily</changefreq>
<priority>0.7</priority>
</url>
<url>
<loc>https://fashionasialtd.com/contact</loc>
<lastmod>2026-09-27T13:21:04.720Z</lastmod>
<changefreq>yearly</changefreq>
<priority>0.5</priority>
</url>
<url>
<loc>https://fashionasialtd.com/career</loc>
<lastmod>2026-09-27T13:21:04.720Z</lastmod>
<changefreq>yearly</changefreq>
<priority>0.5</priority>
</url>
<url>
<loc>https://fashionasialtd.com/grievance</loc>
<lastmod>2026-09-27T13:21:04.720Z</lastmod>
<changefreq>yearly</changefreq>
<priority>0.3</priority>
</url>
</urlset>
